tl_mbox.c:70:6:TL_Enable	8	static
tl_mbox.c:78:6:TL_Init	8	static
tl_mbox.c:98:9:TL_BLE_Init	24	static
tl_mbox.c:121:9:TL_BLE_SendCmd	16	static
tl_mbox.c:130:6:HW_IPCC_BLE_RxEvtNot	16	static
tl_mbox.c:144:9:TL_BLE_SendAclData	16	static
tl_mbox.c:153:6:HW_IPCC_BLE_AclDataAckNot	8	static
tl_mbox.c:163:9:TL_SYS_Init	24	static
tl_mbox.c:182:9:TL_SYS_SendCmd	16	static
tl_mbox.c:191:6:HW_IPCC_SYS_CmdEvtNot	8	static
tl_mbox.c:198:6:HW_IPCC_SYS_EvtNot	16	static
tl_mbox.c:483:6:TL_MM_Init	16	static
tl_mbox.c:503:6:TL_MM_EvtDone	16	static
tl_mbox.c:512:13:SendFreeBuf	16	static
tl_mbox.c:529:6:TL_TRACES_Init	8	static
tl_mbox.c:540:6:HW_IPCC_TRACES_EvtNot	16	static
tl_mbox.c:553:13:TL_TRACES_EvtReceived	16	static
