hci_tl.c:97:6:hci_init	16	static
hci_tl.c:109:6:hci_user_evt_proc	24	static
hci_tl.c:169:6:hci_resume_flow	8	static
hci_tl.c:182:5:hci_send_req	40	static
hci_tl.c:248:13:TlInit	32	static
hci_tl.c:275:13:SendCmd	16	static
hci_tl.c:288:13:NotifyCmdStatus	16	static
hci_tl.c:308:13:TlEvtReceived	16	static
hci_tl.c:324:13:OutputCmdTrace	16	static
hci_tl.c:337:13:OutputRspTrace	16	static
hci_tl.c:370:13:OutputEvtTrace	16	static
hci_tl.c:398:13:hci_cmd_resp_wait	16	static
hci_tl.c:408:13:hci_cmd_resp_release	16	static
