shci_tl.c:94:6:shci_init	16	static
shci_tl.c:106:6:shci_user_evt_proc	24	static
shci_tl.c:165:6:shci_resume_flow	8	static
shci_tl.c:178:6:shci_send	24	static
shci_tl.c:207:13:TlInit	32	static
shci_tl.c:232:13:Cmd_SetStatus	16	static
shci_tl.c:254:13:TlCmdEvtReceived	16	static
shci_tl.c:262:13:TlUserEvtReceived	16	static
shci_tl.c:270:13:OutputCmdTrace	16	static
shci_tl.c:284:13:OutputRspTrace	16	static
shci_tl.c:309:13:OutputEvtTrace	16	static
shci_tl.c:332:13:shci_cmd_resp_wait	16	static
shci_tl.c:342:13:shci_cmd_resp_release	16	static
