stm32wbxx_ll_system.h:2176:26:LL_FLASH_GetUDN	4	static
stm32wbxx_ll_system.h:2188:26:LL_FLASH_GetDeviceID	4	static
stm32wbxx_ll_system.h:2200:26:LL_FLASH_GetSTCompanyID	4	static
app_ble.c:257:6:APP_BLE_Init	64	static
app_ble.c:351:28:SVCCTL_App_Notification	112	static
app_ble.c:629:22:APP_BLE_Get_Client_Connection_Status	16	static
app_ble.c:639:6:APP_BLE_Key_Button1_Action	8	static
app_ble.c:655:6:APP_BLE_Key_Button2_Action	4	static
app_ble.c:659:6:APP_BLE_Key_Button3_Action	4	static
app_ble.c:668:13:Ble_Tl_Init	16	static
app_ble.c:679:14:Ble_Hci_Gap_Gatt_Init	88	static
app_ble.c:811:13:Scan_Request	16	static
app_ble.c:844:13:Connect_Request	48	static
app_ble.c:888:13:Switch_OFF_GPIO	4	static
app_ble.c:895:16:BleGetBdAddress	32	static
app_ble.c:943:6:hci_notify_asynch_evt	16	static
app_ble.c:949:6:hci_cmd_resp_release	16	static
app_ble.c:955:6:hci_cmd_resp_wait	16	static
app_ble.c:961:13:BLE_UserEvtRx	24	static
app_ble.c:979:13:BLE_StatusNot	24	static
app_ble.c:1010:6:SVCCTL_ResumeUserEventFlow	8	static
