stm32_seq.c:162:6:UTIL_SEQ_Init	8	static
stm32_seq.c:175:6:UTIL_SEQ_DeInit	4	static
stm32_seq.c:184:6:UTIL_SEQ_Run	56	static,ignoring_inline_asm
stm32_seq.c:277:6:UTIL_SEQ_RegTask	40	static,ignoring_inline_asm
stm32_seq.c:288:6:UTIL_SEQ_SetTask	32	static,ignoring_inline_asm
stm32_seq.c:300:10:UTIL_SEQ_IsSchedulableTask	32	static,ignoring_inline_asm
stm32_seq.c:311:6:UTIL_SEQ_PauseTask	32	static,ignoring_inline_asm
stm32_seq.c:322:10:UTIL_SEQ_IsPauseTask	32	static,ignoring_inline_asm
stm32_seq.c:333:6:UTIL_SEQ_ResumeTask	32	static,ignoring_inline_asm
stm32_seq.c:344:6:UTIL_SEQ_SetEvt	32	static,ignoring_inline_asm
stm32_seq.c:355:6:UTIL_SEQ_ClrEvt	32	static,ignoring_inline_asm
stm32_seq.c:366:6:UTIL_SEQ_WaitEvt	32	static
stm32_seq.c:413:15:UTIL_SEQ_IsEvtPend	4	static
stm32_seq.c:418:13:UTIL_SEQ_EvtIdle	16	static
stm32_seq.c:424:13:UTIL_SEQ_Idle	4	static
stm32_seq.c:429:13:UTIL_SEQ_PreIdle	4	static
stm32_seq.c:437:13:UTIL_SEQ_PostIdle	4	static
stm32_seq.c:460:9:SEQ_BitPosition	24	static
